// Jest Snapshot v1, https://goo.gl/fbAQLP

exports[`Character Page component renders character component 1`] = `
<DocumentFragment>
  <span>
    <img
      src="http://cdn.lowgif.com/full/ff8280aafe27319d-ajax-loading-gif-transparent-background-2-gif-images.gif"
    />
  </span>
</DocumentFragment>
`;
