// Jest Snapshot v1, https://goo.gl/fbAQLP

exports[`WordForm controller component should render a form to add a character to the screen 1`] = `
<DocumentFragment>
  <div
    class="CharacterForm"
  >
    <section>
      <label
        for="name"
      >
        Name:
      </label>
      <input
        id="name"
        name="name"
        placeholder="Steve Johnson"
        type="text"
        value="Steve Johnson"
      />
      <br />
      <label
        for="image"
      >
        Image Url:
      </label>
      <input
        id="image"
        name="image"
        placeholder="www.rockandroll.com"
        type="text"
        value="www.rockandroll.com"
      />
      <br />
      <textarea
        id="quote"
        name="quote"
        placeholder="live and die for music"
        type="textarea"
      >
        live and die for music
      </textarea>
      <br />
      <label
        for="role"
      >
        Role:
      </label>
      <input
        id="role"
        name="role"
        placeholder="roadie"
        type="text"
        value="roadie"
      />
    </section>
  </div>
</DocumentFragment>
`;
